// Jest Snapshot v1, https://goo.gl/fbAQLP

exports[`App should render 'hello world' 1`] = `
.c0 {
  color: #fff;
  display: flex;
  justify-content: center;
  align-items: center;
  height: 100vh;
}

<div
  class="c0"
>
  <h1>
    Hello world
  </h1>
</div>
`;
