// Jest Snapshot v1, https://goo.gl/fbAQLP

exports[`<Footer /> should match snapshot 1`] = `
.c0 {
  display: flex;
  align-items: center;
  justify-content: center;
  height: 150px;
  background-color: #FFFFFF;
}

.c1 {
  font-family: 'Poppins',sans-serif;
  font-size: 1rem;
  color: #0A1128;
  text-align: center;
  font-weight: bold;
}

<div>
  <footer
    class="c0"
  >
    <p
      class="c1"
    >
      Teste
    </p>
  </footer>
</div>
`;
