// Jest Snapshot v1, https://goo.gl/fbAQLP

exports[`<GridContent /> should match snapshot 1`] = `
.c2 {
  display: flex;
  flex-direction: column;
  gap: 30px;
}

.c0 {
  display: flex;
  align-items: center;
  justify-content: center;
  width: 100%;
  min-height: 100vh;
  background-color: #FFFFFF;
}

.c1 {
  max-width: 1200px;
  padding: 30px;
}

.c3 {
  color: #0A1128;
  font-size: 3rem;
  text-transform: uppercase;
}

.c4 {
  font-family: 'Poppins',sans-serif;
  font-size: 1.5rem;
  color: #0A1128;
  text-align: justify;
  font-weight: normal;
}

@media (max-width: 768px) {
  .c3 {
    font-size: 2rem;
  }
}

<div>
  <section
    class="c0"
  >
    <article
      class="c1"
    >
      <div
        class="c2"
      >
        <h2
          class="c3"
        >
          Grid Component Example
        </h2>
        <p
          class="c4"
        >
          Lorem ipsum dolor sit amet consectetur adipisicing elit. Voluptate minus repellendus fugiat aliquam neque corporis! Quidem, deserunt! Rem quod quo amet doloremque, excepturi doloribus, provident nesciunt blanditiis consequuntur facere quia!
        </p>
      </div>
    </article>
  </section>
</div>
`;
