// Jest Snapshot v1, https://goo.gl/fbAQLP

exports[`<Heading /> should match snapshot 1`] = `
.c0 {
  margin-bottom: 30px;
}

.c1 {
  color: #0A1128;
  font-size: 3rem;
  margin-bottom: 1rem;
  text-transform: none;
}

@media (max-width: 768px) {
  .c1 {
    font-size: 2rem;
  }
}

<div>
  <header
    class="c0"
  >
    <h1
      class="c1"
    >
      Texto
    </h1>
  </header>
</div>
`;
